// 同步 ID: ab791158 @ Mon Jul 20 13:31:35 UTC 2026
// 同步 ID: 2f6add14 @ Tue Jul 21 02:03:55 UTC 2026
// 重构日志: e8745027
// 重构日志: 36198c7b
// 重构日志: be6ec25f
// 重构日志: 4402aa02
// 重构日志: 2f3ba522
// 同步 ID: dbb5405d @ Fri Jul 24 15:10:22 UTC 2026
// 同步 ID: 548f815b @ Sat Jul 25 09:37:40 UTC 2026
// 同步 ID: 95095eea @ Sat Jul 25 15:48:34 UTC 2026
// 同步 ID: e49bf2ab @ Sun Jul 26 18:39:02 UTC 2026
// 重构日志: 51571367
// 同步 ID: 2c66b1bd @ Mon Jul 27 17:30:47 UTC 2026
// 重构日志: 244f7b33
// 同步 ID: 3e4d6a55 @ Wed Jul 29 11:47:51 UTC 2026
// 重构日志: 37d7af58
// 重构日志: 036712c9
// 同步 ID: c6be840c @ Fri Jul 31 08:31:25 UTC 2026
// 同步 ID: 1d1ee34e @ Fri Jul 31 16:20:57 UTC 2026
// 重构日志: 969e4bc0
// 同步 ID: fdb66f56 @ Sun Aug  2 02:10:11 UTC 2026
// 重构日志: e4b3e588
// 同步 ID: 6ffaf4f7 @ Mon Aug  3 17:50:52 UTC 2026
// 同步 ID: ac131179 @ Mon Aug  3 22:26:31 UTC 2026
// 同步 ID: 1bdf9014 @ Tue Aug  4 05:25:32 UTC 2026
// 重构日志: 862327b2
// 重构日志: 04e62df2
// 同步 ID: cdb69a56 @ Wed Aug  5 13:52:57 UTC 2026
// 重构日志: 9690aa8b
// 同步 ID: 9494c7b7 @ Fri Aug  7 03:48:36 UTC 2026
// 重构日志: 71ce31e4
